step: 0 | loss: 6.55436 | grad_norm: 4.26046 | lr: 5e-06 | time: 5075ms
step: 5 | loss: 6.00242 | grad_norm: 4.22769 | lr: 3e-05 | time: 5060ms
step: 10 | loss: 4.73254 | grad_norm: 3.37354 | lr: 5.5e-05 | time: 5058ms
step: 15 | loss: 3.6992 | grad_norm: 2.67241 | lr: 8e-05 | time: 5065ms
step: 20 | loss: 3.14812 | grad_norm: 1.84703 | lr: 0.000105 | time: 5069ms
step: 25 | loss: 2.85603 | grad_norm: 1.19929 | lr: 0.00013 | time: 5074ms
step: 30 | loss: 2.68818 | grad_norm: 0.623264 | lr: 0.000155 | time: 5067ms
step: 35 | loss: 2.60909 | grad_norm: 0.740996 | lr: 0.00018 | time: 5065ms
step: 40 | loss: 2.51115 | grad_norm: 0.601473 | lr: 0.000205 | time: 5061ms
step: 45 | loss: 2.49708 | grad_norm: 0.455353 | lr: 0.00023 | time: 5065ms
step: 50 | loss: 2.42407 | grad_norm: 0.489014 | lr: 0.000255 | time: 5064ms
step: 55 | loss: 2.41893 | grad_norm: 0.456306 | lr: 0.00028 | time: 5058ms
step: 60 | loss: 2.39857 | grad_norm: 0.523566 | lr: 0.000305 | time: 5059ms
step: 65 | loss: 2.36919 | grad_norm: 0.451069 | lr: 0.00033 | time: 5065ms
step: 70 | loss: 2.36851 | grad_norm: 0.423411 | lr: 0.000355 | time: 5072ms
step: 75 | loss: 2.33021 | grad_norm: 0.584436 | lr: 0.00038 | time: 5061ms
step: 80 | loss: 2.3171 | grad_norm: 0.464188 | lr: 0.000405 | time: 5058ms
step: 85 | loss: 2.34581 | grad_norm: 0.415829 | lr: 0.00043 | time: 5056ms
step: 90 | loss: 2.32076 | grad_norm: 0.55076 | lr: 0.000455 | time: 5066ms
step: 95 | loss: 2.32217 | grad_norm: 0.428325 | lr: 0.00048 | time: 5071ms
step: 100 | loss: 2.31522 | grad_norm: 0.380964 | lr: 0.000505 | time: 5070ms
step: 105 | loss: 2.33854 | grad_norm: 0.481494 | lr: 0.00053 | time: 5066ms
step: 110 | loss: 2.30152 | grad_norm: 0.290971 | lr: 0.000555 | time: 5066ms
step: 115 | loss: 2.28417 | grad_norm: 0.259667 | lr: 0.00058 | time: 5069ms
step: 120 | loss: 2.30832 | grad_norm: 0.341198 | lr: 0.000605 | time: 5066ms
step: 125 | loss: 2.3229 | grad_norm: 0.462066 | lr: 0.00063 | time: 5075ms
step: 130 | loss: 2.30277 | grad_norm: 0.57822 | lr: 0.000655 | time: 5089ms
step: 135 | loss: 2.30909 | grad_norm: 0.384895 | lr: 0.00068 | time: 5072ms
step: 140 | loss: 2.29916 | grad_norm: 0.638416 | lr: 0.000705 | time: 5058ms
step: 145 | loss: 2.29932 | grad_norm: 0.507615 | lr: 0.00073 | time: 5060ms
step: 150 | loss: 2.30928 | grad_norm: 0.761385 | lr: 0.000755 | time: 5071ms
step: 155 | loss: 2.27688 | grad_norm: 0.449627 | lr: 0.00078 | time: 5078ms
step: 160 | loss: 2.30547 | grad_norm: 0.713192 | lr: 0.000805 | time: 5076ms
step: 165 | loss: 2.26275 | grad_norm: 0.646968 | lr: 0.00083 | time: 5069ms
step: 170 | loss: 2.28383 | grad_norm: 0.673932 | lr: 0.000855 | time: 5066ms
step: 175 | loss: 2.2966 | grad_norm: 0.474437 | lr: 0.00088 | time: 5066ms
step: 180 | loss: 2.30075 | grad_norm: 0.415719 | lr: 0.000905 | time: 5068ms
step: 185 | loss: 2.25857 | grad_norm: 0.408887 | lr: 0.00093 | time: 5071ms
step: 190 | loss: 2.27852 | grad_norm: 0.450121 | lr: 0.000955 | time: 5073ms
step: 195 | loss: 2.25271 | grad_norm: 0.646135 | lr: 0.00098 | time: 5081ms
step: 200 | loss: 2.25709 | grad_norm: 0.378715 | lr: 0.000999999 | time: 5071ms
step: 205 | loss: 2.25086 | grad_norm: 0.688649 | lr: 0.000999975 | time: 5065ms
step: 210 | loss: 2.27019 | grad_norm: 0.793005 | lr: 0.000999917 | time: 5067ms
step: 215 | loss: 2.23956 | grad_norm: 0.466147 | lr: 0.000999825 | time: 5074ms
step: 220 | loss: 2.24669 | grad_norm: 0.356895 | lr: 0.000999698 | time: 5071ms
step: 225 | loss: 2.22538 | grad_norm: 0.506608 | lr: 0.000999537 | time: 5071ms
step: 230 | loss: 2.23943 | grad_norm: 0.82855 | lr: 0.000999342 | time: 5065ms
step: 235 | loss: 2.28292 | grad_norm: 0.657669 | lr: 0.000999112 | time: 5064ms
step: 240 | loss: 2.25197 | grad_norm: 0.468292 | lr: 0.000998848 | time: 5062ms
step: 245 | loss: 2.21492 | grad_norm: 0.468456 | lr: 0.000998551 | time: 5075ms
step: 250 | loss: 2.20056 | grad_norm: 0.527067 | lr: 0.000998219 | time: 5077ms
step: 255 | loss: 2.24676 | grad_norm: 0.430223 | lr: 0.000997852 | time: 5094ms
step: 260 | loss: 2.20155 | grad_norm: 0.57786 | lr: 0.000997452 | time: 5065ms
step: 265 | loss: 2.23893 | grad_norm: 0.424845 | lr: 0.000997018 | time: 5066ms
step: 270 | loss: 2.20513 | grad_norm: 0.450331 | lr: 0.000996549 | time: 5073ms
step: 275 | loss: 2.19005 | grad_norm: 0.476143 | lr: 0.000996047 | time: 5063ms
step: 280 | loss: 2.18165 | grad_norm: 0.455029 | lr: 0.000995511 | time: 5067ms
step: 285 | loss: 2.16769 | grad_norm: 0.50023 | lr: 0.00099494 | time: 5067ms
step: 290 | loss: 2.14729 | grad_norm: 0.444773 | lr: 0.000994336 | time: 5071ms
step: 295 | loss: 2.16862 | grad_norm: 0.354698 | lr: 0.000993698 | time: 5069ms
step: 300 | loss: 2.16645 | grad_norm: 0.47321 | lr: 0.000993026 | time: 5070ms
step: 305 | loss: 2.1657 | grad_norm: 0.407313 | lr: 0.000992321 | time: 5076ms
step: 310 | loss: 2.16743 | grad_norm: 0.603421 | lr: 0.000991582 | time: 5067ms
step: 315 | loss: 2.15183 | grad_norm: 0.554751 | lr: 0.000990809 | time: 5076ms
step: 320 | loss: 2.12054 | grad_norm: 0.710065 | lr: 0.000990003 | time: 5066ms
step: 325 | loss: 2.17109 | grad_norm: 0.372613 | lr: 0.000989163 | time: 5070ms
step: 330 | loss: 2.11751 | grad_norm: 0.388316 | lr: 0.000988289 | time: 5071ms
step: 335 | loss: 2.12879 | grad_norm: 0.505514 | lr: 0.000987382 | time: 5065ms
step: 340 | loss: 2.08334 | grad_norm: 1.21224 | lr: 0.000986442 | time: 5073ms
step: 345 | loss: 2.10681 | grad_norm: 0.641918 | lr: 0.000985469 | time: 5078ms
step: 350 | loss: 2.05272 | grad_norm: 0.567686 | lr: 0.000984463 | time: 5072ms
step: 355 | loss: 2.08147 | grad_norm: 0.938237 | lr: 0.000983423 | time: 5069ms
step: 360 | loss: 2.09253 | grad_norm: 0.823831 | lr: 0.000982351 | time: 5074ms
step: 365 | loss: 2.04776 | grad_norm: 0.559654 | lr: 0.000981245 | time: 5073ms
step: 370 | loss: 2.06101 | grad_norm: 0.586434 | lr: 0.000980107 | time: 5082ms
step: 375 | loss: 2.02724 | grad_norm: 0.529068 | lr: 0.000978936 | time: 5071ms
step: 380 | loss: 2.02432 | grad_norm: 0.56194 | lr: 0.000977732 | time: 5070ms
step: 385 | loss: 2.01815 | grad_norm: 0.720111 | lr: 0.000976496 | time: 5071ms
step: 390 | loss: 2.03041 | grad_norm: 0.729413 | lr: 0.000975227 | time: 5070ms
step: 395 | loss: 2.0357 | grad_norm: 0.953749 | lr: 0.000973926 | time: 5066ms
step: 400 | loss: 1.98989 | grad_norm: 0.557934 | lr: 0.000972592 | time: 5071ms
step: 405 | loss: 1.96143 | grad_norm: 0.57826 | lr: 0.000971227 | time: 5070ms
step: 410 | loss: 1.93827 | grad_norm: 0.583116 | lr: 0.000969829 | time: 5071ms
step: 415 | loss: 1.93675 | grad_norm: 0.731577 | lr: 0.000968399 | time: 5070ms
step: 420 | loss: 1.89098 | grad_norm: 0.746838 | lr: 0.000966938 | time: 5066ms
step: 425 | loss: 1.98216 | grad_norm: 1.05976 | lr: 0.000965445 | time: 5077ms
step: 430 | loss: 1.87913 | grad_norm: 0.671838 | lr: 0.00096392 | time: 5075ms
step: 435 | loss: 1.87024 | grad_norm: 0.90455 | lr: 0.000962363 | time: 5074ms
step: 440 | loss: 1.84383 | grad_norm: 0.967164 | lr: 0.000960775 | time: 5066ms
step: 445 | loss: 1.86088 | grad_norm: 0.976988 | lr: 0.000959156 | time: 5078ms
step: 450 | loss: 1.80434 | grad_norm: 0.670576 | lr: 0.000957506 | time: 5085ms
step: 455 | loss: 1.77896 | grad_norm: 0.747572 | lr: 0.000955825 | time: 5090ms
step: 460 | loss: 1.76558 | grad_norm: 1.09806 | lr: 0.000954112 | time: 5088ms
step: 465 | loss: 1.72069 | grad_norm: 0.974675 | lr: 0.000952369 | time: 5078ms
step: 470 | loss: 1.6392 | grad_norm: 0.510844 | lr: 0.000950596 | time: 5075ms
step: 475 | loss: 1.60517 | grad_norm: 0.6018 | lr: 0.000948792 | time: 5080ms
step: 480 | loss: 1.574 | grad_norm: 0.657214 | lr: 0.000946957 | time: 5082ms
step: 485 | loss: 1.58429 | grad_norm: 0.746537 | lr: 0.000945092 | time: 5081ms
step: 490 | loss: 1.54208 | grad_norm: 0.576383 | lr: 0.000943198 | time: 5072ms
step: 495 | loss: 1.51978 | grad_norm: 0.712262 | lr: 0.000941273 | time: 5079ms
step: 500 | loss: 1.49576 | grad_norm: 0.566022 | lr: 0.000939318 | time: 5068ms
step: 505 | loss: 1.44011 | grad_norm: 0.424078 | lr: 0.000937334 | time: 5072ms
step: 510 | loss: 1.4072 | grad_norm: 0.498068 | lr: 0.00093532 | time: 5071ms
step: 515 | loss: 1.42331 | grad_norm: 0.50822 | lr: 0.000933277 | time: 5073ms
step: 520 | loss: 1.40753 | grad_norm: 0.456916 | lr: 0.000931205 | time: 5071ms
step: 525 | loss: 1.37561 | grad_norm: 0.535019 | lr: 0.000929104 | time: 5065ms
step: 530 | loss: 1.36093 | grad_norm: 0.461935 | lr: 0.000926973 | time: 5064ms
step: 535 | loss: 1.34686 | grad_norm: 0.600276 | lr: 0.000924815 | time: 5072ms
step: 540 | loss: 1.34312 | grad_norm: 0.60869 | lr: 0.000922627 | time: 5074ms
step: 545 | loss: 1.3385 | grad_norm: 0.527342 | lr: 0.000920411 | time: 5076ms
step: 550 | loss: 1.28165 | grad_norm: 0.465509 | lr: 0.000918167 | time: 5161ms
step: 555 | loss: 1.2429 | grad_norm: 0.512264 | lr: 0.000915895 | time: 5227ms
step: 560 | loss: 1.25651 | grad_norm: 0.507707 | lr: 0.000913595 | time: 5075ms
step: 565 | loss: 1.22144 | grad_norm: 0.446776 | lr: 0.000911268 | time: 5074ms
step: 570 | loss: 1.23123 | grad_norm: 0.463567 | lr: 0.000908913 | time: 5067ms
step: 575 | loss: 1.20877 | grad_norm: 0.478012 | lr: 0.00090653 | time: 5238ms
step: 580 | loss: 1.21504 | grad_norm: 0.452141 | lr: 0.000904121 | time: 5071ms
step: 585 | loss: 1.25526 | grad_norm: 0.543925 | lr: 0.000901684 | time: 5075ms
step: 590 | loss: 1.21152 | grad_norm: 0.429369 | lr: 0.000899221 | time: 5072ms
step: 595 | loss: 1.19407 | grad_norm: 0.390673 | lr: 0.000896731 | time: 5070ms
step: 600 | loss: 1.15932 | grad_norm: 0.379574 | lr: 0.000894215 | time: 5066ms
step: 605 | loss: 1.15851 | grad_norm: 0.430331 | lr: 0.000891672 | time: 5072ms
step: 610 | loss: 1.16414 | grad_norm: 0.422799 | lr: 0.000889104 | time: 5067ms
step: 615 | loss: 1.15691 | grad_norm: 0.417752 | lr: 0.000886509 | time: 5141ms
step: 620 | loss: 1.12042 | grad_norm: 0.391192 | lr: 0.000883889 | time: 5070ms
step: 625 | loss: 1.1357 | grad_norm: 0.359505 | lr: 0.000881244 | time: 5070ms
step: 630 | loss: 1.12941 | grad_norm: 0.520622 | lr: 0.000878573 | time: 5072ms
step: 635 | loss: 1.15668 | grad_norm: 0.535669 | lr: 0.000875877 | time: 5181ms
step: 640 | loss: 1.09177 | grad_norm: 0.40324 | lr: 0.000873157 | time: 5198ms
step: 645 | loss: 1.12265 | grad_norm: 0.49144 | lr: 0.000870412 | time: 5183ms
step: 650 | loss: 1.13071 | grad_norm: 0.464451 | lr: 0.000867642 | time: 5181ms
step: 655 | loss: 1.0589 | grad_norm: 0.404374 | lr: 0.000864849 | time: 5189ms
step: 660 | loss: 1.08202 | grad_norm: 0.372309 | lr: 0.000862031 | time: 5184ms
step: 665 | loss: 1.05697 | grad_norm: 0.366479 | lr: 0.000859189 | time: 5175ms
step: 670 | loss: 1.0478 | grad_norm: 0.368081 | lr: 0.000856324 | time: 5176ms
step: 675 | loss: 1.02405 | grad_norm: 0.330478 | lr: 0.000853436 | time: 5178ms
step: 680 | loss: 1.03852 | grad_norm: 0.391363 | lr: 0.000850525 | time: 5249ms
step: 685 | loss: 1.01612 | grad_norm: 0.434999 | lr: 0.00084759 | time: 5192ms
step: 690 | loss: 1.00011 | grad_norm: 0.38619 | lr: 0.000844633 | time: 5200ms
step: 695 | loss: 1.00616 | grad_norm: 0.383599 | lr: 0.000841654 | time: 5192ms
step: 700 | loss: 1.04285 | grad_norm: 0.377363 | lr: 0.000838652 | time: 5189ms
step: 705 | loss: 1.07157 | grad_norm: 0.405439 | lr: 0.000835629 | time: 5188ms
step: 710 | loss: 1.01539 | grad_norm: 0.41163 | lr: 0.000832583 | time: 5191ms
step: 715 | loss: 1.00999 | grad_norm: 0.401564 | lr: 0.000829517 | time: 5181ms
step: 720 | loss: 1.02517 | grad_norm: 0.425376 | lr: 0.000826428 | time: 5175ms
step: 725 | loss: 1.02163 | grad_norm: 0.463838 | lr: 0.000823319 | time: 5182ms
step: 730 | loss: 1.01086 | grad_norm: 0.454551 | lr: 0.000820189 | time: 5167ms
step: 735 | loss: 0.989474 | grad_norm: 0.468145 | lr: 0.000817039 | time: 5176ms
step: 740 | loss: 0.988792 | grad_norm: 0.411812 | lr: 0.000813868 | time: 5167ms
step: 745 | loss: 0.944817 | grad_norm: 0.350293 | lr: 0.000810677 | time: 5190ms
step: 750 | loss: 0.958328 | grad_norm: 0.419977 | lr: 0.000807466 | time: 5222ms
step: 755 | loss: 0.958373 | grad_norm: 0.342238 | lr: 0.000804235 | time: 5194ms
step: 760 | loss: 0.914478 | grad_norm: 0.318333 | lr: 0.000800985 | time: 5179ms
step: 765 | loss: 0.95055 | grad_norm: 0.363911 | lr: 0.000797716 | time: 5185ms
step: 770 | loss: 0.954692 | grad_norm: 0.339955 | lr: 0.000794429 | time: 5198ms
step: 775 | loss: 0.933837 | grad_norm: 0.339648 | lr: 0.000791122 | time: 5192ms
step: 780 | loss: 0.956894 | grad_norm: 0.338327 | lr: 0.000787797 | time: 5070ms
step: 785 | loss: 0.964435 | grad_norm: 0.315457 | lr: 0.000784454 | time: 5191ms
step: 790 | loss: 0.962745 | grad_norm: 0.35148 | lr: 0.000781094 | time: 5199ms
step: 795 | loss: 0.926169 | grad_norm: 0.345647 | lr: 0.000777715 | time: 5180ms
step: 800 | loss: 0.92181 | grad_norm: 0.305348 | lr: 0.00077432 | time: 5183ms
step: 805 | loss: 0.928203 | grad_norm: 0.356005 | lr: 0.000770907 | time: 5191ms
step: 810 | loss: 0.915388 | grad_norm: 0.336115 | lr: 0.000767477 | time: 5200ms
step: 815 | loss: 0.916216 | grad_norm: 0.386225 | lr: 0.000764031 | time: 5167ms
step: 820 | loss: 0.915599 | grad_norm: 0.341264 | lr: 0.000760568 | time: 5174ms
step: 825 | loss: 0.866413 | grad_norm: 0.326244 | lr: 0.00075709 | time: 5181ms
step: 830 | loss: 0.907453 | grad_norm: 0.339519 | lr: 0.000753596 | time: 5194ms
step: 835 | loss: 0.89088 | grad_norm: 0.343257 | lr: 0.000750086 | time: 5188ms
step: 840 | loss: 0.88857 | grad_norm: 0.371833 | lr: 0.000746561 | time: 5181ms
step: 845 | loss: 0.872823 | grad_norm: 0.319218 | lr: 0.000743021 | time: 5178ms
step: 850 | loss: 0.879119 | grad_norm: 0.320212 | lr: 0.000739466 | time: 5173ms
step: 855 | loss: 0.885598 | grad_norm: 0.314817 | lr: 0.000735897 | time: 5188ms
step: 860 | loss: 0.911469 | grad_norm: 0.330065 | lr: 0.000732314 | time: 5178ms
step: 865 | loss: 0.913427 | grad_norm: 0.368088 | lr: 0.000728717 | time: 5184ms
step: 870 | loss: 0.874783 | grad_norm: 0.310559 | lr: 0.000725106 | time: 5202ms
step: 875 | loss: 0.854599 | grad_norm: 0.305823 | lr: 0.000721482 | time: 5193ms
step: 880 | loss: 0.870944 | grad_norm: 0.32763 | lr: 0.000717845 | time: 5184ms
step: 885 | loss: 0.821506 | grad_norm: 0.31005 | lr: 0.000714195 | time: 5182ms
step: 890 | loss: 0.90808 | grad_norm: 0.323525 | lr: 0.000710532 | time: 5175ms
step: 895 | loss: 0.888644 | grad_norm: 0.35108 | lr: 0.000706857 | time: 5176ms
step: 900 | loss: 0.814842 | grad_norm: 0.315203 | lr: 0.000703171 | time: 5165ms
step: 905 | loss: 0.849118 | grad_norm: 0.315156 | lr: 0.000699473 | time: 5178ms
step: 910 | loss: 0.84029 | grad_norm: 0.340628 | lr: 0.000695763 | time: 5187ms
step: 915 | loss: 0.870625 | grad_norm: 0.281223 | lr: 0.000692042 | time: 5178ms
step: 920 | loss: 0.808708 | grad_norm: 0.263585 | lr: 0.000688311 | time: 5173ms
step: 925 | loss: 0.819064 | grad_norm: 0.320304 | lr: 0.000684568 | time: 5190ms
step: 930 | loss: 0.869286 | grad_norm: 0.305639 | lr: 0.000680816 | time: 5211ms
step: 935 | loss: 0.838808 | grad_norm: 0.297551 | lr: 0.000677054 | time: 5203ms
step: 940 | loss: 0.850641 | grad_norm: 0.326127 | lr: 0.000673282 | time: 5194ms
step: 945 | loss: 0.861278 | grad_norm: 0.321237 | lr: 0.0006695 | time: 5187ms
step: 950 | loss: 0.843596 | grad_norm: 0.308312 | lr: 0.00066571 | time: 5184ms
step: 955 | loss: 0.819697 | grad_norm: 0.295458 | lr: 0.00066191 | time: 5191ms
step: 960 | loss: 0.854372 | grad_norm: 0.267529 | lr: 0.000658103 | time: 5171ms
step: 965 | loss: 0.804145 | grad_norm: 0.285589 | lr: 0.000654287 | time: 5187ms
step: 970 | loss: 0.843225 | grad_norm: 0.341772 | lr: 0.000650463 | time: 5181ms
step: 975 | loss: 0.821743 | grad_norm: 0.275921 | lr: 0.000646631 | time: 5179ms
step: 980 | loss: 0.838402 | grad_norm: 0.32642 | lr: 0.000642792 | time: 5178ms
step: 985 | loss: 0.821423 | grad_norm: 0.304189 | lr: 0.000638946 | time: 5185ms
step: 990 | loss: 0.830076 | grad_norm: 0.299631 | lr: 0.000635093 | time: 5169ms
step: 995 | loss: 0.79599 | grad_norm: 0.312853 | lr: 0.000631234 | time: 5174ms
step: 1000 | loss: 0.828111 | grad_norm: 0.317586 | lr: 0.000627368 | time: 5177ms
step: 1005 | loss: 0.826919 | grad_norm: 0.348005 | lr: 0.000623497 | time: 5167ms
step: 1010 | loss: 0.836086 | grad_norm: 0.298885 | lr: 0.00061962 | time: 5172ms
step: 1015 | loss: 0.795971 | grad_norm: 0.292115 | lr: 0.000615737 | time: 5167ms
step: 1020 | loss: 0.784385 | grad_norm: 0.290524 | lr: 0.00061185 | time: 5179ms
step: 1025 | loss: 0.772284 | grad_norm: 0.266411 | lr: 0.000607958 | time: 5169ms
step: 1030 | loss: 0.795421 | grad_norm: 0.296109 | lr: 0.000604062 | time: 5192ms
step: 1035 | loss: 0.812569 | grad_norm: 0.357828 | lr: 0.000600161 | time: 5169ms
step: 1040 | loss: 0.797834 | grad_norm: 0.348867 | lr: 0.000596257 | time: 5169ms
step: 1045 | loss: 0.82283 | grad_norm: 0.334697 | lr: 0.000592349 | time: 5165ms
step: 1050 | loss: 0.813665 | grad_norm: 0.296789 | lr: 0.000588438 | time: 5156ms
step: 1055 | loss: 0.782558 | grad_norm: 0.272665 | lr: 0.000584524 | time: 5156ms
step: 1060 | loss: 0.794208 | grad_norm: 0.283233 | lr: 0.000580607 | time: 5160ms
step: 1065 | loss: 0.797817 | grad_norm: 0.287873 | lr: 0.000576688 | time: 5169ms
step: 1070 | loss: 0.770835 | grad_norm: 0.283219 | lr: 0.000572767 | time: 5158ms
step: 1075 | loss: 0.772436 | grad_norm: 0.267159 | lr: 0.000568844 | time: 5167ms
step: 1080 | loss: 0.797286 | grad_norm: 0.280729 | lr: 0.00056492 | time: 5167ms
step: 1085 | loss: 0.807698 | grad_norm: 0.277766 | lr: 0.000560995 | time: 5167ms
step: 1090 | loss: 0.784003 | grad_norm: 0.269675 | lr: 0.000557068 | time: 5171ms
step: 1095 | loss: 0.79797 | grad_norm: 0.295618 | lr: 0.000553142 | time: 5187ms
step: 1100 | loss: 0.756472 | grad_norm: 0.251795 | lr: 0.000549215 | time: 5157ms
step: 1105 | loss: 0.797573 | grad_norm: 0.270068 | lr: 0.000545288 | time: 5160ms
step: 1110 | loss: 0.758049 | grad_norm: 0.265026 | lr: 0.000541361 | time: 5164ms
step: 1115 | loss: 0.777897 | grad_norm: 0.274558 | lr: 0.000537435 | time: 5165ms
step: 1120 | loss: 0.778505 | grad_norm: 0.286247 | lr: 0.00053351 | time: 5174ms
step: 1125 | loss: 0.78739 | grad_norm: 0.26662 | lr: 0.000529587 | time: 5191ms
step: 1130 | loss: 0.760519 | grad_norm: 0.263515 | lr: 0.000525665 | time: 5170ms
step: 1135 | loss: 0.772918 | grad_norm: 0.260983 | lr: 0.000521744 | time: 5194ms
step: 1140 | loss: 0.731247 | grad_norm: 0.265517 | lr: 0.000517826 | time: 5161ms
step: 1145 | loss: 0.739513 | grad_norm: 0.234251 | lr: 0.000513911 | time: 5169ms
step: 1150 | loss: 0.763699 | grad_norm: 0.278417 | lr: 0.000509998 | time: 5166ms
step: 1155 | loss: 0.785289 | grad_norm: 0.268494 | lr: 0.000506088 | time: 5167ms
step: 1160 | loss: 0.764448 | grad_norm: 0.279748 | lr: 0.000502181 | time: 5170ms
step: 1165 | loss: 0.747623 | grad_norm: 0.26762 | lr: 0.000498278 | time: 5166ms
step: 1170 | loss: 0.765314 | grad_norm: 0.294456 | lr: 0.000494379 | time: 5174ms
step: 1175 | loss: 0.788478 | grad_norm: 0.29258 | lr: 0.000490485 | time: 5196ms
step: 1180 | loss: 0.74933 | grad_norm: 0.287987 | lr: 0.000486594 | time: 5160ms
step: 1185 | loss: 0.734628 | grad_norm: 0.276816 | lr: 0.000482709 | time: 5174ms
step: 1190 | loss: 0.717582 | grad_norm: 0.268722 | lr: 0.000478829 | time: 5164ms
step: 1195 | loss: 0.741895 | grad_norm: 0.26241 | lr: 0.000474954 | time: 5181ms
step: 1200 | loss: 0.785947 | grad_norm: 0.273003 | lr: 0.000471085 | time: 5159ms
step: 1205 | loss: 0.766767 | grad_norm: 0.250199 | lr: 0.000467222 | time: 5162ms
step: 1210 | loss: 0.707112 | grad_norm: 0.257346 | lr: 0.000463365 | time: 5169ms
step: 1215 | loss: 0.726268 | grad_norm: 0.272921 | lr: 0.000459515 | time: 5170ms
step: 1220 | loss: 0.772504 | grad_norm: 0.266376 | lr: 0.000455672 | time: 5164ms
step: 1225 | loss: 0.754587 | grad_norm: 0.264583 | lr: 0.000451836 | time: 5160ms
step: 1230 | loss: 0.719283 | grad_norm: 0.24751 | lr: 0.000448007 | time: 5172ms
step: 1235 | loss: 0.751364 | grad_norm: 0.257012 | lr: 0.000444186 | time: 5165ms
step: 1240 | loss: 0.7206 | grad_norm: 0.251972 | lr: 0.000440373 | time: 5167ms
step: 1245 | loss: 0.717524 | grad_norm: 0.262556 | lr: 0.000436569 | time: 5166ms
step: 1250 | loss: 0.772802 | grad_norm: 0.268713 | lr: 0.000432773 | time: 5164ms
step: 1255 | loss: 0.69224 | grad_norm: 0.225769 | lr: 0.000428986 | time: 5179ms
step: 1260 | loss: 0.735535 | grad_norm: 0.245742 | lr: 0.000425208 | time: 5172ms
step: 1265 | loss: 0.742535 | grad_norm: 0.242345 | lr: 0.00042144 | time: 5194ms
step: 1270 | loss: 0.754116 | grad_norm: 0.249121 | lr: 0.000417682 | time: 5157ms
step: 1275 | loss: 0.767368 | grad_norm: 0.244824 | lr: 0.000413934 | time: 5157ms
step: 1280 | loss: 0.724424 | grad_norm: 0.244353 | lr: 0.000410196 | time: 5161ms
step: 1285 | loss: 0.767631 | grad_norm: 0.264364 | lr: 0.000406468 | time: 5165ms
step: 1290 | loss: 0.744469 | grad_norm: 0.249237 | lr: 0.000402752 | time: 5193ms
step: 1295 | loss: 0.717428 | grad_norm: 0.229821 | lr: 0.000399047 | time: 5178ms
step: 1300 | loss: 0.737922 | grad_norm: 0.259507 | lr: 0.000395353 | time: 5166ms
step: 1305 | loss: 0.752897 | grad_norm: 0.251345 | lr: 0.000391671 | time: 5172ms
step: 1310 | loss: 0.709861 | grad_norm: 0.247794 | lr: 0.000388001 | time: 5199ms
step: 1315 | loss: 0.74639 | grad_norm: 0.294985 | lr: 0.000384344 | time: 5164ms
step: 1320 | loss: 0.702728 | grad_norm: 0.249776 | lr: 0.000380699 | time: 5163ms
step: 1325 | loss: 0.707473 | grad_norm: 0.251 | lr: 0.000377067 | time: 5191ms
step: 1330 | loss: 0.6951 | grad_norm: 0.250979 | lr: 0.000373448 | time: 5193ms
step: 1335 | loss: 0.723727 | grad_norm: 0.246213 | lr: 0.000369843 | time: 5180ms
step: 1340 | loss: 0.70822 | grad_norm: 0.242317 | lr: 0.000366251 | time: 5196ms
step: 1345 | loss: 0.762226 | grad_norm: 0.259132 | lr: 0.000362674 | time: 5166ms
step: 1350 | loss: 0.733888 | grad_norm: 0.250058 | lr: 0.00035911 | time: 5164ms
step: 1355 | loss: 0.757923 | grad_norm: 0.268135 | lr: 0.000355561 | time: 5184ms
step: 1360 | loss: 0.724172 | grad_norm: 0.251251 | lr: 0.000352027 | time: 5173ms
step: 1365 | loss: 0.743211 | grad_norm: 0.257502 | lr: 0.000348508 | time: 5163ms
step: 1370 | loss: 0.724012 | grad_norm: 0.243146 | lr: 0.000345005 | time: 5166ms
step: 1375 | loss: 0.755121 | grad_norm: 0.235457 | lr: 0.000341517 | time: 5198ms
step: 1380 | loss: 0.729981 | grad_norm: 0.252523 | lr: 0.000338045 | time: 5212ms
step: 1385 | loss: 0.760832 | grad_norm: 0.255945 | lr: 0.000334589 | time: 5179ms
step: 1390 | loss: 0.766361 | grad_norm: 0.278969 | lr: 0.000331149 | time: 5177ms
step: 1395 | loss: 0.692725 | grad_norm: 0.252333 | lr: 0.000327726 | time: 5167ms
step: 1400 | loss: 0.720878 | grad_norm: 0.221186 | lr: 0.00032432 | time: 5172ms
step: 1405 | loss: 0.723663 | grad_norm: 0.242327 | lr: 0.000320931 | time: 5164ms
step: 1410 | loss: 0.693342 | grad_norm: 0.258011 | lr: 0.00031756 | time: 5178ms
step: 1415 | loss: 0.695386 | grad_norm: 0.246908 | lr: 0.000314206 | time: 5168ms
step: 1420 | loss: 0.709392 | grad_norm: 0.221426 | lr: 0.000310871 | time: 5165ms
step: 1425 | loss: 0.698979 | grad_norm: 0.23604 | lr: 0.000307553 | time: 5169ms
step: 1430 | loss: 0.714223 | grad_norm: 0.270007 | lr: 0.000304254 | time: 5160ms
step: 1435 | loss: 0.691602 | grad_norm: 0.254335 | lr: 0.000300974 | time: 5164ms
step: 1440 | loss: 0.727551 | grad_norm: 0.24564 | lr: 0.000297712 | time: 5191ms
step: 1445 | loss: 0.668063 | grad_norm: 0.236301 | lr: 0.00029447 | time: 5158ms
step: 1450 | loss: 0.706613 | grad_norm: 0.226019 | lr: 0.000291248 | time: 5170ms
step: 1455 | loss: 0.706087 | grad_norm: 0.244513 | lr: 0.000288045 | time: 5172ms
step: 1460 | loss: 0.74354 | grad_norm: 0.228125 | lr: 0.000284862 | time: 5169ms
step: 1465 | loss: 0.743988 | grad_norm: 0.245353 | lr: 0.000281699 | time: 5167ms
step: 1470 | loss: 0.731619 | grad_norm: 0.256197 | lr: 0.000278556 | time: 5178ms
step: 1475 | loss: 0.740586 | grad_norm: 0.257814 | lr: 0.000275435 | time: 5173ms
step: 1480 | loss: 0.736443 | grad_norm: 0.242595 | lr: 0.000272334 | time: 5174ms
step: 1485 | loss: 0.732885 | grad_norm: 0.229369 | lr: 0.000269254 | time: 5176ms
step: 1490 | loss: 0.733215 | grad_norm: 0.241455 | lr: 0.000266196 | time: 5169ms
step: 1495 | loss: 0.721814 | grad_norm: 0.240337 | lr: 0.000263159 | time: 5168ms
step: 1500 | loss: 0.728764 | grad_norm: 0.236744 | lr: 0.000260144 | time: 5169ms
step: 1505 | loss: 0.694899 | grad_norm: 0.224229 | lr: 0.000257152 | time: 5168ms
step: 1510 | loss: 0.731058 | grad_norm: 0.236818 | lr: 0.000254181 | time: 5166ms
step: 1515 | loss: 0.692843 | grad_norm: 0.25326 | lr: 0.000251233 | time: 5157ms
step: 1520 | loss: 0.705342 | grad_norm: 0.25164 | lr: 0.000248308 | time: 5164ms
step: 1525 | loss: 0.745436 | grad_norm: 0.248142 | lr: 0.000245406 | time: 5167ms
step: 1530 | loss: 0.694904 | grad_norm: 0.234285 | lr: 0.000242527 | time: 5171ms
step: 1535 | loss: 0.716899 | grad_norm: 0.2224 | lr: 0.000239671 | time: 5175ms
step: 1540 | loss: 0.738569 | grad_norm: 0.240509 | lr: 0.000236839 | time: 5196ms
step: 1545 | loss: 0.704768 | grad_norm: 0.22144 | lr: 0.000234031 | time: 5167ms
step: 1550 | loss: 0.695558 | grad_norm: 0.220824 | lr: 0.000231247 | time: 5183ms
step: 1555 | loss: 0.697001 | grad_norm: 0.251785 | lr: 0.000228487 | time: 5171ms
step: 1560 | loss: 0.696516 | grad_norm: 0.224878 | lr: 0.000225752 | time: 5186ms
step: 1565 | loss: 0.696756 | grad_norm: 0.223188 | lr: 0.000223041 | time: 5198ms
step: 1570 | loss: 0.694608 | grad_norm: 0.27074 | lr: 0.000220356 | time: 5181ms
step: 1575 | loss: 0.683198 | grad_norm: 0.249668 | lr: 0.000217695 | time: 5166ms
step: 1580 | loss: 0.701302 | grad_norm: 0.231932 | lr: 0.00021506 | time: 5158ms
step: 1585 | loss: 0.694927 | grad_norm: 0.243621 | lr: 0.00021245 | time: 5180ms
step: 1590 | loss: 0.68996 | grad_norm: 0.266188 | lr: 0.000209866 | time: 5165ms
step: 1595 | loss: 0.705795 | grad_norm: 0.237524 | lr: 0.000207308 | time: 5174ms
step: 1600 | loss: 0.689955 | grad_norm: 0.249178 | lr: 0.000204776 | time: 5164ms
step: 1605 | loss: 0.675316 | grad_norm: 0.228515 | lr: 0.00020227 | time: 5157ms
step: 1610 | loss: 0.710638 | grad_norm: 0.233725 | lr: 0.000199791 | time: 5161ms
step: 1615 | loss: 0.692797 | grad_norm: 0.228672 | lr: 0.000197338 | time: 5175ms
step: 1620 | loss: 0.687929 | grad_norm: 0.221168 | lr: 0.000194912 | time: 5161ms
step: 1625 | loss: 0.698716 | grad_norm: 0.209896 | lr: 0.000192513 | time: 5167ms
step: 1630 | loss: 0.679259 | grad_norm: 0.218533 | lr: 0.000190142 | time: 5172ms
step: 1635 | loss: 0.666739 | grad_norm: 0.223872 | lr: 0.000187798 | time: 5181ms
step: 1640 | loss: 0.710742 | grad_norm: 0.240269 | lr: 0.000185481 | time: 5165ms
step: 1645 | loss: 0.711129 | grad_norm: 0.226328 | lr: 0.000183192 | time: 5175ms
step: 1650 | loss: 0.699757 | grad_norm: 0.227505 | lr: 0.000180932 | time: 5171ms
step: 1655 | loss: 0.722889 | grad_norm: 0.245555 | lr: 0.000178699 | time: 5166ms
step: 1660 | loss: 0.701055 | grad_norm: 0.215757 | lr: 0.000176494 | time: 5167ms
step: 1665 | loss: 0.661173 | grad_norm: 0.212251 | lr: 0.000174318 | time: 5190ms
step: 1670 | loss: 0.681501 | grad_norm: 0.235332 | lr: 0.000172171 | time: 5170ms
step: 1675 | loss: 0.709592 | grad_norm: 0.222831 | lr: 0.000170052 | time: 5157ms
step: 1680 | loss: 0.706456 | grad_norm: 0.21837 | lr: 0.000167963 | time: 5161ms
step: 1685 | loss: 0.684092 | grad_norm: 0.223316 | lr: 0.000165902 | time: 5223ms
step: 1690 | loss: 0.659469 | grad_norm: 0.220384 | lr: 0.000163871 | time: 5158ms
step: 1695 | loss: 0.679538 | grad_norm: 0.229408 | lr: 0.000161869 | time: 5163ms
step: 1700 | loss: 0.709125 | grad_norm: 0.238526 | lr: 0.000159896 | time: 5175ms
step: 1705 | loss: 0.676137 | grad_norm: 0.22865 | lr: 0.000157954 | time: 5206ms
step: 1710 | loss: 0.687354 | grad_norm: 0.23447 | lr: 0.000156041 | time: 5173ms
step: 1715 | loss: 0.682885 | grad_norm: 0.22744 | lr: 0.000154158 | time: 5182ms
step: 1720 | loss: 0.692424 | grad_norm: 0.227832 | lr: 0.000152305 | time: 5200ms
step: 1725 | loss: 0.683027 | grad_norm: 0.224813 | lr: 0.000150483 | time: 5182ms
step: 1730 | loss: 0.686343 | grad_norm: 0.222993 | lr: 0.000148691 | time: 5174ms
step: 1735 | loss: 0.686619 | grad_norm: 0.217275 | lr: 0.00014693 | time: 5178ms
step: 1740 | loss: 0.701746 | grad_norm: 0.214703 | lr: 0.000145199 | time: 5172ms
step: 1745 | loss: 0.702184 | grad_norm: 0.234193 | lr: 0.000143499 | time: 5169ms
step: 1750 | loss: 0.694435 | grad_norm: 0.231844 | lr: 0.00014183 | time: 5158ms
step: 1755 | loss: 0.68576 | grad_norm: 0.218836 | lr: 0.000140192 | time: 5169ms
step: 1760 | loss: 0.691777 | grad_norm: 0.220271 | lr: 0.000138586 | time: 5165ms
step: 1765 | loss: 0.695609 | grad_norm: 0.2205 | lr: 0.00013701 | time: 5165ms
step: 1770 | loss: 0.698102 | grad_norm: 0.223244 | lr: 0.000135467 | time: 5165ms
step: 1775 | loss: 0.708383 | grad_norm: 0.222397 | lr: 0.000133954 | time: 5160ms
step: 1780 | loss: 0.6436 | grad_norm: 0.21573 | lr: 0.000132474 | time: 5163ms
step: 1785 | loss: 0.698167 | grad_norm: 0.219697 | lr: 0.000131025 | time: 5172ms
step: 1790 | loss: 0.669567 | grad_norm: 0.21111 | lr: 0.000129608 | time: 5163ms
step: 1795 | loss: 0.661949 | grad_norm: 0.229923 | lr: 0.000128223 | time: 5195ms
step: 1800 | loss: 0.683048 | grad_norm: 0.216986 | lr: 0.00012687 | time: 5188ms
step: 1805 | loss: 0.681145 | grad_norm: 0.221943 | lr: 0.00012555 | time: 5162ms
step: 1810 | loss: 0.687419 | grad_norm: 0.217722 | lr: 0.000124262 | time: 5166ms
step: 1815 | loss: 0.686404 | grad_norm: 0.209372 | lr: 0.000123006 | time: 5163ms
step: 1820 | loss: 0.682373 | grad_norm: 0.226072 | lr: 0.000121783 | time: 5170ms
step: 1825 | loss: 0.684425 | grad_norm: 0.2159 | lr: 0.000120592 | time: 5167ms
step: 1830 | loss: 0.682848 | grad_norm: 0.220043 | lr: 0.000119434 | time: 5173ms
step: 1835 | loss: 0.685246 | grad_norm: 0.222151 | lr: 0.000118309 | time: 5185ms
step: 1840 | loss: 0.697062 | grad_norm: 0.212637 | lr: 0.000117216 | time: 5197ms
step: 1845 | loss: 0.692375 | grad_norm: 0.212717 | lr: 0.000116157 | time: 5170ms
step: 1850 | loss: 0.648224 | grad_norm: 0.216808 | lr: 0.000115131 | time: 5168ms
step: 1855 | loss: 0.674566 | grad_norm: 0.241728 | lr: 0.000114138 | time: 5168ms
step: 1860 | loss: 0.664556 | grad_norm: 0.214434 | lr: 0.000113178 | time: 5158ms
step: 1865 | loss: 0.669255 | grad_norm: 0.213453 | lr: 0.000112251 | time: 5164ms
step: 1870 | loss: 0.677282 | grad_norm: 0.217671 | lr: 0.000111357 | time: 5178ms
step: 1875 | loss: 0.67587 | grad_norm: 0.208615 | lr: 0.000110497 | time: 5168ms
step: 1880 | loss: 0.662345 | grad_norm: 0.217113 | lr: 0.000109671 | time: 5170ms
step: 1885 | loss: 0.708901 | grad_norm: 0.225921 | lr: 0.000108878 | time: 5164ms
step: 1890 | loss: 0.690994 | grad_norm: 0.224464 | lr: 0.000108119 | time: 5173ms
step: 1895 | loss: 0.67629 | grad_norm: 0.208187 | lr: 0.000107393 | time: 5163ms
step: 1900 | loss: 0.691622 | grad_norm: 0.211431 | lr: 0.000106701 | time: 5179ms
step: 1905 | loss: 0.67361 | grad_norm: 0.212952 | lr: 0.000106043 | time: 5165ms
step: 1910 | loss: 0.670888 | grad_norm: 0.195136 | lr: 0.000105418 | time: 5178ms
step: 1915 | loss: 0.684893 | grad_norm: 0.208635 | lr: 0.000104827 | time: 5167ms
step: 1920 | loss: 0.669413 | grad_norm: 0.216788 | lr: 0.000104271 | time: 5171ms
step: 1925 | loss: 0.678559 | grad_norm: 0.219857 | lr: 0.000103748 | time: 5177ms
step: 1930 | loss: 0.661986 | grad_norm: 0.219864 | lr: 0.000103259 | time: 5188ms
step: 1935 | loss: 0.673069 | grad_norm: 0.226575 | lr: 0.000102804 | time: 5178ms
step: 1940 | loss: 0.655307 | grad_norm: 0.20943 | lr: 0.000102384 | time: 5165ms
step: 1945 | loss: 0.690566 | grad_norm: 0.22036 | lr: 0.000101997 | time: 5170ms
step: 1950 | loss: 0.706004 | grad_norm: 0.208955 | lr: 0.000101645 | time: 5160ms
step: 1955 | loss: 0.703892 | grad_norm: 0.216751 | lr: 0.000101326 | time: 5196ms
step: 1960 | loss: 0.684641 | grad_norm: 0.238701 | lr: 0.000101042 | time: 5183ms
step: 1965 | loss: 0.685347 | grad_norm: 0.221599 | lr: 0.000100792 | time: 5167ms
step: 1970 | loss: 0.661207 | grad_norm: 0.219314 | lr: 0.000100576 | time: 5165ms
step: 1975 | loss: 0.651488 | grad_norm: 0.221958 | lr: 0.000100395 | time: 5169ms
step: 1980 | loss: 0.695892 | grad_norm: 0.23884 | lr: 0.000100247 | time: 5167ms
step: 1985 | loss: 0.671183 | grad_norm: 0.212899 | lr: 0.000100134 | time: 5183ms
step: 1990 | loss: 0.639725 | grad_norm: 0.20249 | lr: 0.000100056 | time: 5187ms
step: 1995 | loss: 0.685488 | grad_norm: 0.220519 | lr: 0.000100011 | time: 5162ms
Saved model to data/big.mytorch


# Next training
Loading model from data/big.mytorch
step: 0 | loss: 0.687734 | grad_norm: 0.227464 | lr: 5e-06 | time: 5060ms
step: 50 | loss: 0.698246 | grad_norm: 0.269014 | lr: 0.000255 | time: 5067ms
step: 100 | loss: 0.708951 | grad_norm: 0.318206 | lr: 0.0005 | time: 5069ms
step: 150 | loss: 0.713425 | grad_norm: 0.27912 | lr: 0.000499793 | time: 5064ms
step: 200 | loss: 0.696771 | grad_norm: 0.276652 | lr: 0.00049919 | time: 5056ms
step: 250 | loss: 0.68005 | grad_norm: 0.261715 | lr: 0.00049819 | time: 5063ms
step: 300 | loss: 0.67326 | grad_norm: 0.250144 | lr: 0.000496796 | time: 5056ms
step: 350 | loss: 0.687081 | grad_norm: 0.269254 | lr: 0.000495009 | time: 5068ms
step: 400 | loss: 0.680792 | grad_norm: 0.234711 | lr: 0.000492833 | time: 5069ms
step: 450 | loss: 0.643229 | grad_norm: 0.232182 | lr: 0.000490272 | time: 5062ms
step: 500 | loss: 0.658654 | grad_norm: 0.245082 | lr: 0.000487329 | time: 5064ms
step: 550 | loss: 0.675356 | grad_norm: 0.232415 | lr: 0.000484009 | time: 5064ms
step: 600 | loss: 0.684227 | grad_norm: 0.265499 | lr: 0.000480318 | time: 5063ms
step: 650 | loss: 0.675562 | grad_norm: 0.235333 | lr: 0.000476261 | time: 5072ms
step: 700 | loss: 0.648084 | grad_norm: 0.231357 | lr: 0.000471845 | time: 5064ms
step: 750 | loss: 0.647554 | grad_norm: 0.236759 | lr: 0.000467077 | time: 5062ms
step: 800 | loss: 0.691792 | grad_norm: 0.240207 | lr: 0.000461966 | time: 5085ms
step: 850 | loss: 0.641722 | grad_norm: 0.23635 | lr: 0.000456519 | time: 5062ms
step: 900 | loss: 0.641716 | grad_norm: 0.229749 | lr: 0.000450745 | time: 5068ms
step: 950 | loss: 0.644314 | grad_norm: 0.215147 | lr: 0.000444653 | time: 5079ms
step: 1000 | loss: 0.640801 | grad_norm: 0.231653 | lr: 0.000438254 | time: 5074ms
step: 1050 | loss: 0.642237 | grad_norm: 0.234315 | lr: 0.000431558 | time: 5061ms
step: 1100 | loss: 0.617798 | grad_norm: 0.23806 | lr: 0.000424575 | time: 5072ms
step: 1150 | loss: 0.611727 | grad_norm: 0.233508 | lr: 0.000417317 | time: 5059ms
step: 1200 | loss: 0.613306 | grad_norm: 0.230207 | lr: 0.000409796 | time: 5062ms
step: 1250 | loss: 0.659085 | grad_norm: 0.238012 | lr: 0.000402024 | time: 5069ms
step: 1300 | loss: 0.638052 | grad_norm: 0.210364 | lr: 0.000394013 | time: 5073ms
step: 1350 | loss: 0.600571 | grad_norm: 0.212485 | lr: 0.000385777 | time: 5074ms
step: 1400 | loss: 0.602586 | grad_norm: 0.223561 | lr: 0.000377329 | time: 5061ms
step: 1450 | loss: 0.630093 | grad_norm: 0.215468 | lr: 0.000368682 | time: 5068ms
step: 1500 | loss: 0.589871 | grad_norm: 0.211852 | lr: 0.000359851 | time: 5062ms
step: 1550 | loss: 0.618968 | grad_norm: 0.233353 | lr: 0.00035085 | time: 5074ms
step: 1600 | loss: 0.630754 | grad_norm: 0.23291 | lr: 0.000341694 | time: 5068ms
step: 1650 | loss: 0.620773 | grad_norm: 0.212285 | lr: 0.000332396 | time: 5109ms
step: 1700 | loss: 0.611342 | grad_norm: 0.195778 | lr: 0.000322974 | time: 5056ms
step: 1750 | loss: 0.622348 | grad_norm: 0.200782 | lr: 0.000313441 | time: 5064ms
step: 1800 | loss: 0.625281 | grad_norm: 0.208492 | lr: 0.000303813 | time: 5068ms
step: 1850 | loss: 0.633746 | grad_norm: 0.218723 | lr: 0.000294106 | time: 5075ms
step: 1900 | loss: 0.595571 | grad_norm: 0.206659 | lr: 0.000284336 | time: 5066ms
step: 1950 | loss: 0.621007 | grad_norm: 0.206895 | lr: 0.000274518 | time: 5068ms
step: 2000 | loss: 0.567756 | grad_norm: 0.184477 | lr: 0.000264668 | time: 5068ms
step: 2050 | loss: 0.584674 | grad_norm: 0.193391 | lr: 0.000254803 | time: 5057ms
step: 2100 | loss: 0.588998 | grad_norm: 0.187181 | lr: 0.000244938 | time: 5059ms
step: 2150 | loss: 0.602721 | grad_norm: 0.196174 | lr: 0.000235089 | time: 5062ms
step: 2200 | loss: 0.604576 | grad_norm: 0.197219 | lr: 0.000225273 | time: 5065ms
step: 2250 | loss: 0.598618 | grad_norm: 0.207916 | lr: 0.000215504 | time: 5073ms
step: 2300 | loss: 0.62473 | grad_norm: 0.202988 | lr: 0.0002058 | time: 5062ms
step: 2350 | loss: 0.604704 | grad_norm: 0.19383 | lr: 0.000196176 | time: 5082ms
step: 2400 | loss: 0.59403 | grad_norm: 0.212767 | lr: 0.000186647 | time: 5073ms
step: 2450 | loss: 0.583519 | grad_norm: 0.197264 | lr: 0.000177229 | time: 5074ms
step: 2500 | loss: 0.606893 | grad_norm: 0.192181 | lr: 0.000167937 | time: 5062ms
step: 2550 | loss: 0.568591 | grad_norm: 0.202857 | lr: 0.000158787 | time: 5068ms
step: 2600 | loss: 0.575885 | grad_norm: 0.201449 | lr: 0.000149792 | time: 5070ms
step: 2650 | loss: 0.585452 | grad_norm: 0.19193 | lr: 0.000140968 | time: 5064ms
step: 2700 | loss: 0.587532 | grad_norm: 0.204083 | lr: 0.000132329 | time: 5063ms
step: 2750 | loss: 0.582294 | grad_norm: 0.199708 | lr: 0.000123889 | time: 5069ms
step: 2800 | loss: 0.58868 | grad_norm: 0.188617 | lr: 0.000115662 | time: 5069ms
step: 2850 | loss: 0.607513 | grad_norm: 0.202089 | lr: 0.00010766 | time: 5069ms
step: 2900 | loss: 0.570955 | grad_norm: 0.175865 | lr: 9.98981e-05 | time: 5067ms
step: 2950 | loss: 0.560395 | grad_norm: 0.185841 | lr: 9.23873e-05 | time: 5070ms
step: 3000 | loss: 0.558546 | grad_norm: 0.184101 | lr: 8.51403e-05 | time: 5054ms
step: 3050 | loss: 0.579615 | grad_norm: 0.195851 | lr: 7.81687e-05 | time: 5066ms
step: 3100 | loss: 0.581489 | grad_norm: 0.189554 | lr: 7.14841e-05 | time: 5068ms
step: 3150 | loss: 0.559009 | grad_norm: 0.183783 | lr: 6.5097e-05 | time: 5074ms
step: 3200 | loss: 0.591574 | grad_norm: 0.178601 | lr: 5.9018e-05 | time: 5056ms
step: 3250 | loss: 0.567042 | grad_norm: 0.181069 | lr: 5.32569e-05 | time: 5077ms
step: 3300 | loss: 0.551738 | grad_norm: 0.177022 | lr: 4.7823e-05 | time: 5060ms
step: 3350 | loss: 0.577978 | grad_norm: 0.176623 | lr: 4.27252e-05 | time: 5065ms
step: 3400 | loss: 0.578181 | grad_norm: 0.189572 | lr: 3.79716e-05 | time: 5068ms
step: 3450 | loss: 0.573521 | grad_norm: 0.175216 | lr: 3.35701e-05 | time: 5068ms
step: 3500 | loss: 0.584992 | grad_norm: 0.189519 | lr: 2.95278e-05 | time: 5078ms
step: 3550 | loss: 0.531607 | grad_norm: 0.17027 | lr: 2.58511e-05 | time: 5061ms
step: 3600 | loss: 0.55147 | grad_norm: 0.179266 | lr: 2.25462e-05 | time: 5067ms
step: 3650 | loss: 0.593098 | grad_norm: 0.183469 | lr: 1.96182e-05 | time: 5063ms
step: 3700 | loss: 0.559883 | grad_norm: 0.167928 | lr: 1.70721e-05 | time: 5061ms
step: 3750 | loss: 0.557682 | grad_norm: 0.171773 | lr: 1.49119e-05 | time: 5064ms
step: 3800 | loss: 0.553758 | grad_norm: 0.173814 | lr: 1.31411e-05 | time: 5080ms
step: 3850 | loss: 0.562864 | grad_norm: 0.181195 | lr: 1.17626e-05 | time: 5060ms
step: 3900 | loss: 0.548827 | grad_norm: 0.180799 | lr: 1.07787e-05 | time: 5062ms
step: 3950 | loss: 0.550623 | grad_norm: 0.17354 | lr: 1.01908e-05 | time: 5070ms
Saved model to data/big.mytorch
Loading model from data/big.mytorch
step: 0 | loss: 0.572712 | grad_norm: 0.177917 | lr: 5e-06 | time: 5044ms
step: 50 | loss: 0.587731 | grad_norm: 0.229876 | lr: 0.000255 | time: 5056ms
step: 100 | loss: 0.604654 | grad_norm: 0.237169 | lr: 0.0005 | time: 5070ms
step: 150 | loss: 0.578178 | grad_norm: 0.254285 | lr: 0.000499793 | time: 5069ms
step: 200 | loss: 0.574281 | grad_norm: 0.206069 | lr: 0.00049919 | time: 5072ms
step: 250 | loss: 0.592908 | grad_norm: 0.242414 | lr: 0.00049819 | time: 5069ms
step: 300 | loss: 0.641466 | grad_norm: 0.237425 | lr: 0.000496796 | time: 5056ms
step: 350 | loss: 0.58129 | grad_norm: 0.205265 | lr: 0.000495009 | time: 5056ms
step: 400 | loss: 0.601605 | grad_norm: 0.235174 | lr: 0.000492833 | time: 5070ms
step: 450 | loss: 0.566196 | grad_norm: 0.213218 | lr: 0.000490272 | time: 5067ms
step: 500 | loss: 0.546232 | grad_norm: 0.198679 | lr: 0.000487329 | time: 5068ms
step: 550 | loss: 0.576588 | grad_norm: 0.229714 | lr: 0.000484009 | time: 5067ms
step: 600 | loss: 0.57953 | grad_norm: 0.198979 | lr: 0.000480318 | time: 5069ms
step: 650 | loss: 0.563637 | grad_norm: 0.20488 | lr: 0.000476261 | time: 5054ms
step: 700 | loss: 0.568923 | grad_norm: 0.208354 | lr: 0.000471845 | time: 5071ms
step: 750 | loss: 0.56265 | grad_norm: 0.195991 | lr: 0.000467077 | time: 5062ms
step: 800 | loss: 0.606623 | grad_norm: 0.231504 | lr: 0.000461966 | time: 5075ms
step: 850 | loss: 0.594787 | grad_norm: 0.206097 | lr: 0.000456519 | time: 5074ms
step: 900 | loss: 0.589513 | grad_norm: 0.202038 | lr: 0.000450745 | time: 5070ms
step: 950 | loss: 0.62369 | grad_norm: 0.212444 | lr: 0.000444653 | time: 5083ms
step: 1000 | loss: 0.529979 | grad_norm: 0.181724 | lr: 0.000438254 | time: 5069ms
step: 1050 | loss: 0.595168 | grad_norm: 0.20617 | lr: 0.000431558 | time: 5059ms
step: 1100 | loss: 0.559835 | grad_norm: 0.195743 | lr: 0.000424575 | time: 5067ms
step: 1150 | loss: 0.587577 | grad_norm: 0.195549 | lr: 0.000417317 | time: 5081ms
step: 1200 | loss: 0.547573 | grad_norm: 0.188961 | lr: 0.000409796 | time: 5078ms
step: 1250 | loss: 0.574794 | grad_norm: 0.212954 | lr: 0.000402024 | time: 5074ms
step: 1300 | loss: 0.58553 | grad_norm: 0.204349 | lr: 0.000394013 | time: 5079ms
step: 1350 | loss: 0.559388 | grad_norm: 0.190028 | lr: 0.000385777 | time: 5080ms
step: 1400 | loss: 0.549308 | grad_norm: 0.191267 | lr: 0.000377329 | time: 5095ms
step: 1450 | loss: 0.597703 | grad_norm: 0.195887 | lr: 0.000368682 | time: 5073ms
step: 1500 | loss: 0.589266 | grad_norm: 0.196776 | lr: 0.000359851 | time: 5068ms
step: 1550 | loss: 0.584861 | grad_norm: 0.202459 | lr: 0.00035085 | time: 5076ms
step: 1600 | loss: 0.544517 | grad_norm: 0.165289 | lr: 0.000341694 | time: 5069ms
step: 1650 | loss: 0.560711 | grad_norm: 0.185938 | lr: 0.000332396 | time: 5065ms
step: 1700 | loss: 0.562406 | grad_norm: 0.192607 | lr: 0.000322974 | time: 5070ms
step: 1750 | loss: 0.55438 | grad_norm: 0.191874 | lr: 0.000313441 | time: 5062ms
step: 1800 | loss: 0.567808 | grad_norm: 0.197206 | lr: 0.000303813 | time: 5073ms
step: 1850 | loss: 0.581177 | grad_norm: 0.19521 | lr: 0.000294106 | time: 5070ms
step: 1900 | loss: 0.573216 | grad_norm: 0.188387 | lr: 0.000284336 | time: 5068ms
step: 1950 | loss: 0.576423 | grad_norm: 0.174437 | lr: 0.000274518 | time: 5072ms
step: 2000 | loss: 0.5374 | grad_norm: 0.175864 | lr: 0.000264668 | time: 5067ms
step: 2050 | loss: 0.535316 | grad_norm: 0.180283 | lr: 0.000254803 | time: 5068ms
step: 2100 | loss: 0.547222 | grad_norm: 0.175442 | lr: 0.000244938 | time: 5071ms
step: 2150 | loss: 0.515006 | grad_norm: 0.173935 | lr: 0.000235089 | time: 5064ms
step: 2200 | loss: 0.541016 | grad_norm: 0.172327 | lr: 0.000225273 | time: 5064ms
step: 2250 | loss: 0.539181 | grad_norm: 0.179276 | lr: 0.000215504 | time: 5068ms
step: 2300 | loss: 0.558812 | grad_norm: 0.166262 | lr: 0.0002058 | time: 5069ms
step: 2350 | loss: 0.577965 | grad_norm: 0.197968 | lr: 0.000196176 | time: 5071ms
step: 2400 | loss: 0.551756 | grad_norm: 0.180062 | lr: 0.000186647 | time: 5072ms
step: 2450 | loss: 0.547483 | grad_norm: 0.18862 | lr: 0.000177229 | time: 5063ms
step: 2500 | loss: 0.525249 | grad_norm: 0.17152 | lr: 0.000167937 | time: 5070ms
step: 2550 | loss: 0.552188 | grad_norm: 0.171235 | lr: 0.000158787 | time: 5060ms
step: 2600 | loss: 0.525919 | grad_norm: 0.176136 | lr: 0.000149792 | time: 5060ms
step: 2650 | loss: 0.555951 | grad_norm: 0.172465 | lr: 0.000140968 | time: 5071ms
step: 2700 | loss: 0.565163 | grad_norm: 0.177965 | lr: 0.000132329 | time: 5063ms
step: 2750 | loss: 0.564694 | grad_norm: 0.172558 | lr: 0.000123889 | time: 5062ms
step: 2800 | loss: 0.537061 | grad_norm: 0.17994 | lr: 0.000115662 | time: 5071ms
step: 2850 | loss: 0.520692 | grad_norm: 0.165588 | lr: 0.00010766 | time: 5068ms
step: 2900 | loss: 0.58052 | grad_norm: 0.178886 | lr: 9.98981e-05 | time: 5064ms
step: 2950 | loss: 0.559033 | grad_norm: 0.170593 | lr: 9.23873e-05 | time: 5070ms
step: 3000 | loss: 0.52637 | grad_norm: 0.168311 | lr: 8.51403e-05 | time: 5065ms
step: 3050 | loss: 0.514793 | grad_norm: 0.169147 | lr: 7.81687e-05 | time: 5071ms
step: 3100 | loss: 0.539121 | grad_norm: 0.163277 | lr: 7.14841e-05 | time: 5068ms
step: 3150 | loss: 0.550184 | grad_norm: 0.170629 | lr: 6.5097e-05 | time: 5076ms
step: 3200 | loss: 0.519451 | grad_norm: 0.163219 | lr: 5.9018e-05 | time: 5061ms
step: 3250 | loss: 0.513728 | grad_norm: 0.167319 | lr: 5.32569e-05 | time: 5067ms
step: 3300 | loss: 0.545154 | grad_norm: 0.179491 | lr: 4.7823e-05 | time: 5075ms
step: 3350 | loss: 0.521361 | grad_norm: 0.158656 | lr: 4.27252e-05 | time: 5062ms
step: 3400 | loss: 0.546707 | grad_norm: 0.165717 | lr: 3.79716e-05 | time: 5071ms
step: 3450 | loss: 0.515549 | grad_norm: 0.162132 | lr: 3.35701e-05 | time: 5064ms
step: 3500 | loss: 0.514925 | grad_norm: 0.158989 | lr: 2.95278e-05 | time: 5065ms
step: 3550 | loss: 0.544249 | grad_norm: 0.161379 | lr: 2.58511e-05 | time: 5074ms
step: 3600 | loss: 0.52114 | grad_norm: 0.158871 | lr: 2.25462e-05 | time: 5072ms
step: 3650 | loss: 0.53262 | grad_norm: 0.161466 | lr: 1.96182e-05 | time: 5079ms
step: 3700 | loss: 0.54264 | grad_norm: 0.1601 | lr: 1.70721e-05 | time: 5080ms
step: 3750 | loss: 0.542262 | grad_norm: 0.162784 | lr: 1.49119e-05 | time: 5075ms
step: 3800 | loss: 0.533396 | grad_norm: 0.159901 | lr: 1.31411e-05 | time: 5072ms
step: 3850 | loss: 0.527039 | grad_norm: 0.161553 | lr: 1.17626e-05 | time: 5069ms
step: 3900 | loss: 0.548059 | grad_norm: 0.171453 | lr: 1.07787e-05 | time: 5072ms
step: 3950 | loss: 0.580248 | grad_norm: 0.171715 | lr: 1.01908e-05 | time: 5067ms
Saved model to data/big.mytorch
